\BOOKMARK [1][-]{Doc-Start}{\376\377\000F\000i\000r\000m\000a\000\040\000y\000\040\000A\000c\000e\000p\000t\000a\000c\000i\000\363\000n\000\040\000d\000e\000\040\000l\000o\000s\000\040\000M\000i\000e\000m\000b\000r\000o\000s\000\040\000d\000e\000l\000\040\000E\000q\000u\000i\000p\000o}{}% 1
\BOOKMARK [1][-]{section.1}{\376\377\000I\000m\000a\000g\000e\000n\000\040\000d\000e\000\040\000E\000m\000p\000r\000e\000s\000a}{}% 2
\BOOKMARK [2][-]{subsection.1.1}{\376\377\000I\000d\000e\000n\000t\000i\000d\000a\000d\000\040\000C\000o\000r\000p\000o\000r\000a\000t\000i\000v\000a\000:\000\040\000C\000L\000E\000N\000C\000H\000\040\000S\000o\000f\000t\000w\000a\000r\000e\000\040\000D\000e\000v\000e\000l\000o\000p\000m\000e\000n\000t}{section.1}% 3
\BOOKMARK [1][-]{section.2}{\376\377\000M\000e\000t\000o\000d\000o\000l\000o\000g\000\355\000a\000\040\000d\000e\000\040\000D\000e\000s\000a\000r\000r\000o\000l\000l\000o\000\040\000y\000\040\000C\000i\000c\000l\000o\000\040\000d\000e\000\040\000V\000i\000d\000a}{}% 4
\BOOKMARK [2][-]{subsection.2.1}{\376\377\000M\000o\000d\000e\000l\000o\000\040\000M\000e\000t\000o\000d\000o\000l\000\363\000g\000i\000c\000o\000\040\000\301\000g\000i\000l}{section.2}% 5
\BOOKMARK [2][-]{subsection.2.2}{\376\377\000C\000i\000c\000l\000o\000\040\000d\000e\000\040\000V\000i\000d\000a\000\040\000p\000o\000r\000\040\000I\000t\000e\000r\000a\000c\000i\000o\000n\000e\000s}{section.2}% 6
\BOOKMARK [2][-]{subsection.2.3}{\376\377\000E\000v\000e\000n\000t\000o\000s\000\040\000y\000\040\000C\000e\000r\000e\000m\000o\000n\000i\000a\000s\000\040\000\301\000g\000i\000l\000e\000s\000\040\000A\000d\000a\000p\000t\000a\000d\000a\000s}{section.2}% 7
\BOOKMARK [1][-]{section.3}{\376\377\000R\000e\000c\000u\000r\000s\000o\000s\000\040\000S\000o\000f\000t\000w\000a\000r\000e\000\040\000d\000e\000\040\000D\000e\000s\000a\000r\000r\000o\000l\000l\000o}{}% 8
\BOOKMARK [2][-]{subsection.3.1}{\376\377\000E\000c\000o\000s\000i\000s\000t\000e\000m\000a\000\040\000y\000\040\000H\000e\000r\000r\000a\000m\000i\000e\000n\000t\000a\000s\000\040\000d\000e\000\040\000D\000e\000s\000a\000r\000r\000o\000l\000l\000o}{section.3}% 9
\BOOKMARK [1][-]{section.4}{\376\377\000O\000r\000g\000a\000n\000i\000z\000a\000c\000i\000\363\000n\000\040\000d\000e\000l\000\040\000E\000q\000u\000i\000p\000o\000\040\000d\000e\000\040\000T\000r\000a\000b\000a\000j\000o\000\040\000\050\000E\000s\000t\000r\000u\000c\000t\000u\000r\000a\000,\000\040\000N\000o\000r\000m\000a\000s\000\051}{}% 10
\BOOKMARK [2][-]{subsection.4.1}{\376\377\000A\000s\000i\000g\000n\000a\000c\000i\000\363\000n\000\040\000N\000o\000m\000i\000n\000a\000l\000\040\000d\000e\000\040\000R\000o\000l\000e\000s\000\040\000I\000n\000i\000c\000i\000a\000l\000e\000s}{section.4}% 11
\BOOKMARK [2][-]{subsection.4.2}{\376\377\000R\000e\000s\000p\000o\000n\000s\000a\000b\000i\000l\000i\000d\000a\000d\000e\000s\000\040\000d\000e\000\040\000C\000a\000d\000a\000\040\000R\000o\000l}{section.4}% 12
\BOOKMARK [2][-]{subsection.4.3}{\376\377\000F\000i\000j\000e\000z\000a\000,\000\040\000E\000s\000q\000u\000e\000m\000a\000\040\000d\000e\000\040\000R\000o\000t\000a\000c\000i\000\363\000n\000\040\000y\000\040\000P\000r\000o\000t\000o\000c\000o\000l\000o\000\040\000d\000e\000\040\000A\000u\000s\000e\000n\000c\000i\000a\000s}{section.4}% 13
\BOOKMARK [2][-]{subsection.4.4}{\376\377\000M\000a\000t\000r\000i\000z\000\040\000d\000e\000\040\000R\000o\000t\000a\000c\000i\000\363\000n\000\040\000d\000e\000\040\000R\000o\000l\000e\000s\000\040\000p\000o\000r\000\040\000I\000t\000e\000r\000a\000c\000i\000\363\000n}{section.4}% 14
\BOOKMARK [2][-]{subsection.4.5}{\376\377\000N\000o\000r\000m\000a\000s\000\040\000d\000e\000\040\000C\000o\000n\000v\000i\000v\000e\000n\000c\000i\000a\000\040\000y\000\040\000C\000o\000m\000p\000r\000o\000m\000i\000s\000o\000\040\000O\000p\000e\000r\000a\000t\000i\000v\000o}{section.4}% 15
\BOOKMARK [1][-]{section.5}{\376\377\000H\000e\000r\000r\000a\000m\000i\000e\000n\000t\000a\000s\000\040\000p\000a\000r\000a\000\040\000C\000o\000m\000u\000n\000i\000c\000a\000c\000i\000o\000n\000e\000s\000\040\000e\000n\000\040\000e\000l\000\040\000E\000q\000u\000i\000p\000o\000\040\000y\000\040\000R\000e\000u\000n\000i\000o\000n\000e\000s}{}% 16
\BOOKMARK [2][-]{subsection.5.1}{\376\377\000C\000a\000n\000a\000l\000e\000s\000\040\000O\000f\000i\000c\000i\000a\000l\000e\000s\000\040\000d\000e\000l\000\040\000E\000q\000u\000i\000p\000o}{section.5}% 17
\BOOKMARK [2][-]{subsection.5.2}{\376\377\000P\000r\000o\000t\000o\000c\000o\000l\000o\000\040\000d\000e\000\040\000R\000e\000u\000n\000i\000o\000n\000e\000s\000\040\000y\000\040\000E\000l\000a\000b\000o\000r\000a\000c\000i\000\363\000n\000\040\000d\000e\000\040\000A\000c\000t\000a\000s}{section.5}% 18
\BOOKMARK [1][-]{section.6}{\376\377\000R\000e\000l\000a\000c\000i\000o\000n\000e\000s\000\040\000c\000o\000n\000\040\000e\000l\000\040\000C\000l\000i\000e\000n\000t\000e\000\040\000\050\000E\000n\000t\000r\000e\000v\000i\000s\000t\000a\000s\000,\000\040\000R\000e\000u\000n\000i\000o\000n\000e\000s\000,\000\040\000R\000e\000v\000i\000s\000i\000o\000n\000e\000s\000\051}{}% 19
\BOOKMARK [2][-]{subsection.6.1}{\376\377\000D\000i\000n\000\341\000m\000i\000c\000a\000\040\000d\000e\000\040\000C\000o\000l\000a\000b\000o\000r\000a\000c\000i\000\363\000n\000\040\000S\000e\000m\000a\000n\000a\000l\000\040\000y\000\040\000E\000n\000t\000r\000e\000v\000i\000s\000t\000a\000s}{section.6}% 20
\BOOKMARK [2][-]{subsection.6.2}{\376\377\000I\000n\000t\000e\000r\000l\000o\000c\000u\000t\000o\000r\000e\000s\000\040\000y\000\040\000\311\000t\000i\000c\000a\000\040\000e\000n\000\040\000e\000l\000\040\000T\000r\000a\000t\000o}{section.6}% 21
\BOOKMARK [1][-]{section.7}{\376\377\000E\000s\000t\000\341\000n\000d\000a\000r\000e\000s\000\040\000d\000e\000\040\000D\000o\000c\000u\000m\000e\000n\000t\000a\000c\000i\000\363\000n}{}% 22
\BOOKMARK [2][-]{subsection.7.1}{\376\377\000D\000o\000c\000u\000m\000e\000n\000t\000a\000c\000i\000\363\000n\000\040\000T\000e\000x\000t\000u\000a\000l\000\040\000e\000n\000\040\000L\000a\000T\000e\000X\000\040\000a\000\040\000t\000r\000a\000v\000\351\000s\000\040\000d\000e\000\040\000G\000i\000t\000H\000u\000b\000\040\000y\000\040\000E\000s\000t\000r\000u\000c\000t\000u\000r\000a\000\040\000N\000o\000r\000m\000a\000l\000i\000z\000a\000d\000a}{section.7}% 23
\BOOKMARK [2][-]{subsection.7.2}{\376\377\000D\000o\000c\000u\000m\000e\000n\000t\000a\000c\000i\000\363\000n\000\040\000d\000e\000\040\000C\000\363\000d\000i\000g\000o\000:\000\040\000D\000o\000x\000y\000g\000e\000n}{section.7}% 24
\BOOKMARK [2][-]{subsection.7.3}{\376\377\000D\000i\000s\000e\000\361\000o\000\040\000y\000\040\000M\000o\000d\000e\000l\000a\000d\000o\000\040\000S\000o\000f\000t\000w\000a\000r\000e\000:\000\040\000U\000M\000L\000\040\000c\000o\000n\000\040\000V\000i\000s\000u\000a\000l\000\040\000P\000a\000r\000a\000d\000i\000g\000m}{section.7}% 25
\BOOKMARK [1][-]{section.8}{\376\377\000E\000s\000t\000\341\000n\000d\000a\000r\000e\000s\000\040\000d\000e\000\040\000C\000\363\000d\000i\000g\000o}{}% 26
\BOOKMARK [2][-]{subsection.8.1}{\376\377\000C\000o\000n\000v\000e\000n\000c\000i\000o\000n\000e\000s\000\040\000d\000e\000\040\000N\000o\000m\000e\000n\000c\000l\000a\000t\000u\000r\000a\000\040\000y\000\040\000L\000e\000n\000g\000u\000a\000j\000e}{section.8}% 27
\BOOKMARK [2][-]{subsection.8.2}{\376\377\000C\000o\000m\000e\000n\000t\000a\000r\000i\000o\000s\000\040\000y\000\040\000D\000o\000c\000u\000m\000e\000n\000t\000a\000c\000i\000\363\000n\000\040\000e\000n\000\040\000C\000\363\000d\000i\000g\000o}{section.8}% 28
\BOOKMARK [2][-]{subsection.8.3}{\376\377\000P\000r\000i\000n\000c\000i\000p\000i\000o\000s\000\040\000d\000e\000\040\000C\000a\000l\000i\000d\000a\000d\000\040\000y\000\040\000F\000o\000r\000m\000a\000t\000o}{section.8}% 29
\BOOKMARK [1][-]{section.9}{\376\377\000P\000l\000a\000n\000\040\000d\000e\000\040\000G\000e\000s\000t\000i\000\363\000n\000\040\000d\000e\000\040\000C\000a\000m\000b\000i\000o\000s}{}% 30
\BOOKMARK [2][-]{subsection.9.1}{\376\377\000P\000r\000o\000c\000e\000d\000i\000m\000i\000e\000n\000t\000o\000\040\000d\000e\000\040\000E\000v\000a\000l\000u\000a\000c\000i\000\363\000n\000\040\000y\000\040\000A\000p\000r\000o\000b\000a\000c\000i\000\363\000n}{section.9}% 31
\BOOKMARK [1][-]{section.10}{\376\377\000C\000o\000n\000t\000r\000o\000l\000\040\000d\000e\000\040\000V\000e\000r\000s\000i\000o\000n\000e\000s\000\040\000\050\000M\000\351\000t\000o\000d\000o\000\040\000y\000\040\000H\000e\000r\000r\000a\000m\000i\000e\000n\000t\000a\000s\000\051}{}% 32
\BOOKMARK [2][-]{subsection.10.1}{\376\377\000E\000s\000t\000r\000a\000t\000e\000g\000i\000a\000\040\000y\000\040\000D\000i\000s\000c\000i\000p\000l\000i\000n\000a\000\040\000e\000n\000\040\000e\000l\000\040\000R\000e\000p\000o\000s\000i\000t\000o\000r\000i\000o}{section.10}% 33
\BOOKMARK [2][-]{subsection.10.2}{\376\377\000C\000o\000n\000v\000e\000n\000c\000i\000\363\000n\000\040\000d\000e\000\040\000C\000o\000m\000m\000i\000t\000s\000\040\000\050\000C\000o\000n\000v\000e\000n\000t\000i\000o\000n\000a\000l\000\040\000C\000o\000m\000m\000i\000t\000s\000\051}{section.10}% 34
\BOOKMARK [1][-]{section.11}{\376\377\000G\000e\000s\000t\000i\000\363\000n\000\040\000d\000e\000\040\000C\000a\000l\000i\000d\000a\000d\000\040\000\050\000D\000u\000r\000a\000n\000t\000e\000\040\000e\000l\000\040\000D\000e\000s\000a\000r\000r\000o\000l\000l\000o\000\040\000y\000\040\000a\000l\000\040\000F\000i\000n\000a\000l\000,\000\040\000H\000e\000r\000r\000a\000m\000i\000e\000n\000t\000a\000s\000\051}{}% 35
\BOOKMARK [2][-]{subsection.11.1}{\376\377\000P\000r\000o\000c\000e\000d\000i\000m\000i\000e\000n\000t\000o\000\040\000d\000e\000\040\000C\000a\000l\000i\000d\000a\000d\000\040\000e\000n\000\040\000C\000a\000d\000a\000\040\000I\000t\000e\000r\000a\000c\000i\000\363\000n}{section.11}% 36
\BOOKMARK [2][-]{subsection.11.2}{\376\377\000P\000r\000o\000c\000e\000s\000o\000\040\000d\000e\000\040\000H\000a\000r\000d\000e\000n\000i\000n\000g\000\040\000y\000\040\000V\000e\000r\000i\000f\000i\000c\000a\000c\000i\000\363\000n\000\040\000G\000l\000o\000b\000a\000l}{section.11}% 37
\BOOKMARK [2][-]{subsection.11.3}{\376\377\000C\000u\000a\000d\000r\000o\000\040\000O\000f\000i\000c\000i\000a\000l\000\040\000d\000e\000\040\000H\000e\000r\000r\000a\000m\000i\000e\000n\000t\000a\000s\000\040\000d\000e\000\040\000C\000a\000l\000i\000d\000a\000d}{section.11}% 38
\BOOKMARK [1][-]{section.12}{\376\377\000P\000l\000a\000n\000\040\000d\000e\000\040\000M\000e\000d\000i\000c\000i\000\363\000n\000\040\000d\000e\000l\000\040\000D\000e\000s\000e\000m\000p\000e\000\361\000o\000,\000\040\000R\000e\000c\000o\000m\000p\000e\000n\000s\000a\000s\000\040\000y\000\040\000C\000a\000s\000t\000i\000g\000o\000s}{}% 39
\BOOKMARK [2][-]{subsection.12.1}{\376\377\000R\000e\000g\000i\000s\000t\000r\000o\000\040\000y\000\040\000C\000o\000n\000t\000r\000o\000l\000\040\000d\000e\000l\000\040\000E\000s\000f\000u\000e\000r\000z\000o\000\040\000I\000n\000d\000i\000v\000i\000d\000u\000a\000l}{section.12}% 40
\BOOKMARK [2][-]{subsection.12.2}{\376\377\000S\000i\000s\000t\000e\000m\000a\000\040\000d\000e\000\040\000R\000e\000c\000o\000m\000p\000e\000n\000s\000a\000s\000\040\000y\000\040\000R\000e\000c\000o\000n\000o\000c\000i\000m\000i\000e\000n\000t\000o}{section.12}% 41
\BOOKMARK [2][-]{subsection.12.3}{\376\377\000R\000\351\000g\000i\000m\000e\000n\000\040\000S\000a\000n\000c\000i\000o\000n\000a\000d\000o\000r\000\040\000I\000n\000t\000e\000r\000n\000o\000\040\000\050\000C\000a\000s\000t\000i\000g\000o\000s\000\040\000y\000\040\000P\000e\000n\000a\000l\000i\000z\000a\000c\000i\000o\000n\000e\000s\000\051}{section.12}% 42
